cnf/running_example   : PASS (UnSat)
k/cover/cover0045     : PASS (UnSat)
k/cover/cover0019     : PASS (UnSat)
k/cover/cover0038     : PASS (UnSat)
k/cover/cover0040     : PASS (UnSat)
k/cover/cover0009     : PASS (UnSat)
k/cover/cover0044     : PASS (UnSat)
k/cover/cover0017     : PASS (UnSat)
k/cover/cover0010     : PASS (UnSat)
k/cover/cover0030     : PASS (UnSat)
k/cover/cover0007     : PASS (UnSat)
k/cnf/diamond2        : PASS (UnSat)
k/cnf/prime4294967297 : TIMEOUT (UnSat)
k/cnf/add16           : TIMEOUT (UnSat)
k/cnf/diamond3        : PASS (UnSat)
k/cnf/add8            : TIMEOUT (UnSat)
k/cnf/unit1           : PASS (UnSat)
k/cnf/strash2         : PASS (UnSat)
k/cnf/false           : PASS (UnSat)
k/cnf/full2           : PASS (UnSat)
k/cnf/def1            : PASS (UnSat)
k/cnf/miter1          : TIMEOUT (UnSat)
k/cnf/unit2           : PASS (UnSat)
k/cnf/strash1         : PASS (UnSat)
k/cnf/add4            : TIMEOUT (UnSat)
k/cnf/full3           : PASS (UnSat)
k/cnf/ph5             : TIMEOUT (UnSat)
k/cnf/ph3             : PASS (UnSat)
k/cnf/twocores3       : PASS (UnSat)
k/cnf/add32           : TIMEOUT (UnSat)
k/cnf/twocores1       : PASS (UnSat)
k/cnf/ph2             : PASS (UnSat)
k/cnf/unit3           : PASS (UnSat)
k/cnf/ph6             : TIMEOUT (UnSat)
k/cnf/eq2             : PASS (UnSat)
k/cnf/add64           : TIMEOUT (UnSat)
k/cnf/add128          : TIMEOUT (UnSat)
k/cnf/full4           : PASS (UnSat)
k/cnf/unit4           : PASS (UnSat)
k/cnf/prime65537      : TIMEOUT (UnSat)
k/cnf/unit6           : PASS (UnSat)
k/cnf/ph4             : PASS (UnSat)
k/cnf/diamond1        : PASS (UnSat)
k/cnf/unit5           : PASS (UnSat)
k/cnf/twocores2       : PASS (UnSat)
cnf/queens            : TIMEOUT (Sat)
cnf/xor1              : PASS (Sat)
k/cover/cover0027     : PASS (Sat)
k/cover/cover0000     : PASS (Sat)
k/cover/cover0031     : PASS (Sat)
k/cover/cover0001     : PASS (Sat)
k/cover/cover0011     : PASS (Sat)
k/cover/cover0028     : PASS (Sat)
k/cover/cover0037     : PASS (Sat)
k/cover/cover0032     : PASS (Sat)
k/cover/cover0005     : PASS (Sat)
k/cover/cover0036     : PASS (Sat)
k/cover/cover0006     : PASS (Sat)
k/cover/cover0034     : PASS (Sat)
k/cover/cover0025     : PASS (Sat)
k/cover/cover0033     : PASS (Sat)
k/cover/cover0035     : PASS (Sat)
k/cover/cover0002     : TIMEOUT (Sat)
k/cover/cover0024     : PASS (Sat)
k/cover/cover0018     : TIMEOUT (Sat)
k/cover/cover0004     : PASS (Sat)
k/cover/cover0021     : PASS (Sat)
k/cover/cover0042     : PASS (Sat)
k/cover/cover0012     : PASS (Sat)
k/cover/cover0020     : PASS (Sat)
k/cover/cover0039     : PASS (Sat)
k/cover/cover0043     : PASS (Sat)
k/cover/cover0013     : PASS (Sat)
k/cover/cover0015     : TIMEOUT (Sat)
k/cover/cover0003     : PASS (Sat)
k/cover/cover0023     : PASS (Sat)
k/cover/cover0014     : PASS (Sat)
k/cover/cover0029     : PASS (Sat)
k/cover/cover0022     : PASS (Sat)
k/cover/cover0026     : PASS (Sat)
k/cover/cover0016     : PASS (Sat)
k/cover/cover0041     : PASS (Sat)
k/cnf/sqrt5041        : TIMEOUT (Sat)
k/cnf/xor1            : PASS (Sat)
k/cnf/prime529        : TIMEOUT (Sat)
k/cnf/bin1            : PASS (Sat)
k/cnf/prime121        : TIMEOUT (Sat)
k/cnf/prime1369       : TIMEOUT (Sat)
k/cnf/sqrt63001       : TIMEOUT (Sat)
k/cnf/sqrt11449       : TIMEOUT (Sat)
k/cnf/xor3            : PASS (Sat)
k/cnf/xor2            : PASS (Sat)
k/cnf/sqrt16129       : TIMEOUT (Sat)
k/cnf/eq3             : PASS (Sat)
k/cnf/sqrt259081      : TIMEOUT (Sat)
k/cnf/sqrt10609       : TIMEOUT (Sat)
k/cnf/prime49         : TIMEOUT (Sat)
k/cnf/xor4            : PASS (Sat)
k/cnf/sqrt10201       : TIMEOUT (Sat)
k/cnf/prime841        : TIMEOUT (Sat)
k/cnf/bin2            : PASS (Sat)
k/cnf/sqrt4489        : TIMEOUT (Sat)
k/cnf/sqrt6241        : TIMEOUT (Sat)
k/cnf/sqrt1042441     : TIMEOUT (Sat)
k/cnf/prime4          : PASS (Sat)
k/cnf/sqrt5329        : TIMEOUT (Sat)
k/cnf/sqrt11881       : TIMEOUT (Sat)
k/cnf/prime1849       : TIMEOUT (Sat)
k/cnf/and1            : PASS (Sat)
k/cnf/sqrt6889        : TIMEOUT (Sat)
k/cnf/prime961        : TIMEOUT (Sat)
k/cnf/sqrt2809        : TIMEOUT (Sat)
k/cnf/prime9          : PASS (Sat)
k/cnf/sqrt9409        : TIMEOUT (Sat)
k/cnf/bin3            : PASS (Sat)
k/cnf/sqrt3481        : TIMEOUT (Sat)
k/cnf/sqrt12769       : TIMEOUT (Sat)
k/cnf/eq1             : PASS (Sat)
k/cnf/ite1            : PASS (Sat)
k/cnf/prime169        : TIMEOUT (Sat)
k/cnf/sqrt7921        : TIMEOUT (Sat)
k/cnf/probe1          : PASS (Sat)
k/cnf/strash3         : PASS (Sat)
k/cnf/prime289        : TIMEOUT (Sat)
k/cnf/prime361        : TIMEOUT (Sat)
k/cnf/sqrt3721        : TIMEOUT (Sat)
k/cnf/prime2209       : TIMEOUT (Sat)
k/cnf/and2            : PASS (Sat)
k/cnf/tieshirt        : PASS (Sat)
k/cnf/prime25         : TIMEOUT (Sat)
k/cnf/prime1681       : TIMEOUT (Sat)
k/cnf/true            : PASS (Sat)
132 tests ran; 47 timeout; 85 pass.
